// Jest Snapshot v1, https://goo.gl/fbAQLP

exports[`Home page matches snapshot 1`] = `
<DocumentFragment>
  <div
    class="jsx-3115018971 container"
  >
    <header
      class="Header__Wrapper-sc-82l316-0 hFEnBr"
    >
      <h1
        class="pages__Title-sc-1rar0h2-0 dFSGiB"
      >
        Bavaria Ipsum
      </h1>
      <div
        class="Controls__Wrapper-sc-21ji11-0 etClar"
      >
        <div
          class="Slider__Wrapper-sc-182smj2-0 cLQGzt"
        >
          <label
            class="Slider__Label-sc-182smj2-1 dupCEA"
            for="lenght"
          >
            Wia lang solls sei?
          </label>
          <div
            class="Slider__InputWrapper-sc-182smj2-2 hYuoc"
          >
            <div
              class="Slider__InputValue-sc-182smj2-3 dhYaLC"
            >
              3
            </div>
            <div
              class="css-10fcxrz-Slider"
            >
              <div
                class="css-cdyzi2-Slider"
                style="width: 33.33333333333333%;"
              />
              <div
                style="position: absolute; transform: translate(-50%, -50%); left: 33.33333333333333%; top: 50%;"
              >
                <div
                  class="css-2byy62-Slider"
                />
              </div>
            </div>
          </div>
        </div>
        <div
          class="Slider__Wrapper-sc-182smj2-0 cLQGzt"
        >
          <label
            class="Slider__Label-sc-182smj2-1 dupCEA"
            for="paragraphs"
          >
            Wia vui mechts ham?
          </label>
          <div
            class="Slider__InputWrapper-sc-182smj2-2 hYuoc"
          >
            <div
              class="Slider__InputValue-sc-182smj2-3 dhYaLC"
            >
              4
            </div>
            <div
              class="css-10fcxrz-Slider"
            >
              <div
                class="css-cdyzi2-Slider"
                style="width: 33.33333333333333%;"
              />
              <div
                style="position: absolute; transform: translate(-50%, -50%); left: 33.33333333333333%; top: 50%;"
              >
                <div
                  class="css-2byy62-Slider"
                />
              </div>
            </div>
          </div>
        </div>
      </div>
    </header>
    <div
      class="Toastify"
    />
    <main
      class="jsx-3115018971"
    >
      <div
        class="jsx-3115018971 blindtext"
      />
    </main>
    <footer
      class="Footer__Wrapper-sc-13sxc4i-0 fVzfEB"
    >
      <a
        class="Footer__Link-sc-13sxc4i-1 fPsXMZ"
        href="https://creativeworkspace.de"
        rel="noopener noreferrer"
        target="_blank"
      >
        Desinged and Developed with ðŸ¦„ and â˜• by Markus Sommer
      </a>
    </footer>
  </div>
</DocumentFragment>
`;
